----------------------------------------------------------------
-Pin Report - Date: Wed Oct 22 21:53:34 2025 Pinchecksum: NOT-AVAILABLE
-Product: Designer
-Release: v2024.2
-Version: 2024.2.0.13
-Design Name: counter
-Family: PolarFire
-Die: MPF300TS
-Package: FCG1152
-----------------------------------------------------------------

Port      |Pin |Fixed |Function                                                |Bank     |I/O Std   |Direction    |Used I/O Reg       |User I/O Lock Down |Clamp Diode   |Resistor Pull                     |Use I/O Calibration from the lane |Schmitt Trigger |Vcm Input Range    |On Die Termination |Odt Value (Ohm) |Input Delay |Slew              |Output Drive (mA) |Impedance (ohm)  |Output Load (pF)         |Source Termination (Ohm) |Output Delay |
----------|----|------|--------------------------------------------------------|---------|----------|-------------|-------------------|-------------------|--------------|----------------------------------|----------------------------------|----------------|-------------------|-------------------|----------------|------------|------------------|------------------|-----------------|-------------------------|-------------------------|-------------|
clk_50mhz  E25  Yes    HSIO63PB6/CLKIN_S_12/CCC_SE_CLKIN_S_12/CCC_SE_PLL0_OUT0  Bank6     LVCMOS18   Input         None                No                  ON             Up                                 No                                 OFF              ---                 OFF                 120              OFF          ---                ---                ---               ---                       ---                       ---           
leds[0]    F22  Yes    HSIO64NB6                                                Bank6     LVCMOS18   Output        None                No                  ON             None                               No                                 ---              ---                 ---                 120              ---          OFF                8                  ---               5                         ---                       OFF           
leds[1]    B26  Yes    HSIO71NB6                                                Bank6     LVCMOS18   Output        None                No                  ON             None                               No                                 ---              ---                 ---                 120              ---          OFF                8                  ---               5                         ---                       OFF           
leds[2]    C26  Yes    HSIO70NB6                                                Bank6     LVCMOS18   Output        None                No                  ON             None                               No                                 ---              ---                 ---                 120              ---          OFF                8                  ---               5                         ---                       OFF           
leds[3]    D25  Yes    HSIO70PB6/CCC_SE_PLL1_OUT1                               Bank6     LVCMOS18   Output        None                No                  ON             None                               No                                 ---              ---                 ---                 120              ---          OFF                8                  ---               5                         ---                       OFF           
leds[4]    C27  Yes    HSIO71PB6/CCC_SE_CLKIN_S_15                              Bank6     LVCMOS18   Output        None                No                  ON             None                               No                                 ---              ---                 ---                 120              ---          OFF                8                  ---               5                         ---                       OFF           
leds[5]    F23  Yes    HSIO62PB6/DQS/CCC_SE_PLL0_OUT0                           Bank6     LVCMOS18   Output        None                No                  ON             None                               No                                 ---              ---                 ---                 120              ---          OFF                8                  ---               5                         ---                       OFF           
leds[6]    H22  Yes    HSIO60NB6                                                Bank6     LVCMOS18   Output        None                No                  ON             None                               No                                 ---              ---                 ---                 120              ---          OFF                8                  ---               5                         ---                       OFF           
leds[7]    H21  Yes    HSIO36NB6                                                Bank6     LVCMOS18   Output        None                No                  ON             None                               No                                 ---              ---                 ---                 120              ---          OFF                8                  ---               5                         ---                       OFF           
reset_n    B27  Yes    HSIO69NB6                                                Bank6     LVCMOS18   Input         None                No                  ON             Up                                 No                                 OFF              ---                 OFF                 120              OFF          ---                ---                ---               ---                       ---                       ---           
